[inventheme.com/themeforest/alexio/index.html]
[backblue.gif]
[fade.gif]
[index.html]
[inventheme.com/themeforest/alexio/static/plugin/nav/js/modernizr-custom.js]
[inventheme.com/themeforest/alexio/favicon.ico]
[inventheme.com/themeforest/alexio/static/img/user.png]
[inventheme.com/themeforest/alexio/static/img/title-1.jpg]
[inventheme.com/themeforest/alexio/static/img/my-pic.jpg]
[inventheme.com/themeforest/alexio/static/img/title-2.jpg]
[inventheme.com/themeforest/alexio/static/img/title-3.jpg]
[inventheme.com/themeforest/alexio/static/img/portfolio-1.jpg]
[inventheme.com/themeforest/alexio/static/img/portfolio-2.jpg]
[inventheme.com/themeforest/alexio/static/img/portfolio-3.jpg]
[inventheme.com/themeforest/alexio/static/img/portfolio-4.jpg]
[inventheme.com/themeforest/alexio/static/img/portfolio-5.jpg]
[inventheme.com/themeforest/alexio/static/img/portfolio-6.jpg]
[inventheme.com/themeforest/alexio/static/img/avtar1.jpg]
[inventheme.com/themeforest/alexio/static/img/title-4.jpg]
[inventheme.com/themeforest/alexio/static/js/jquery-3.3.1.slim.min.js]
[inventheme.com/themeforest/alexio/static/plugin/bootstrap/js/popper.min.js]
[inventheme.com/themeforest/alexio/static/plugin/bootstrap/js/bootstrap.min.js]
[inventheme.com/themeforest/alexio/static/plugin/owl-carousel/js/owl.carousel.min.js]
[inventheme.com/themeforest/alexio/static/plugin/typeit-master/typeit.min.js]
[inventheme.com/themeforest/alexio/static/plugin/isotope/isotope.pkgd.min.js]
[inventheme.com/themeforest/alexio/static/plugin/magnific/jquery.magnific-popup.min.js]
[inventheme.com/themeforest/alexio/static/plugin/nav/js/classie.js]
[inventheme.com/themeforest/alexio/static/plugin/nav/js/main.js]
[inventheme.com/themeforest/alexio/static/js/custom.js]
[inventheme.com/themeforest/alexio/index.html]
[inventheme.com/themeforest/alexio/static/plugin/font-awesome/webfonts/fa-brands-400.eot]
[inventheme.com/themeforest/alexio/static/plugin/font-awesome/webfonts/fa-brands-400.woff2]
[inventheme.com/themeforest/alexio/static/plugin/font-awesome/webfonts/fa-brands-400d41d.eot]
[inventheme.com/themeforest/alexio/static/plugin/font-awesome/webfonts/fa-brands-400.woff]
[inventheme.com/themeforest/alexio/static/plugin/font-awesome/webfonts/fa-brands-400.ttf]
[inventheme.com/themeforest/alexio/static/plugin/font-awesome/webfonts/fa-regular-400.eot]
[inventheme.com/themeforest/alexio/static/plugin/font-awesome/webfonts/fa-regular-400.woff2]
[inventheme.com/themeforest/alexio/static/plugin/font-awesome/webfonts/fa-regular-400d41d.eot]
[inventheme.com/themeforest/alexio/static/plugin/font-awesome/webfonts/fa-regular-400.woff]
[inventheme.com/themeforest/alexio/static/plugin/font-awesome/webfonts/fa-regular-400.ttf]
[inventheme.com/themeforest/alexio/static/plugin/font-awesome/webfonts/fa-solid-900.eot]
[inventheme.com/themeforest/alexio/static/plugin/font-awesome/webfonts/fa-solid-900.woff2]
[inventheme.com/themeforest/alexio/static/plugin/font-awesome/webfonts/fa-solid-900d41d.eot]
[inventheme.com/themeforest/alexio/static/plugin/font-awesome/webfonts/fa-solid-900.woff]
[inventheme.com/themeforest/alexio/static/plugin/font-awesome/webfonts/fa-solid-900.ttf]
[inventheme.com/themeforest/alexio/static/plugin/font-awesome/css/fontawesome-all.min.css]
[inventheme.com/themeforest/alexio/static/plugin/themify-icons/fonts/themify9f24.eot]
[inventheme.com/themeforest/alexio/static/plugin/themify-icons/fonts/themifyd41d.eot]
[inventheme.com/themeforest/alexio/static/plugin/themify-icons/fonts/themify9f24.woff]
[inventheme.com/themeforest/alexio/static/plugin/themify-icons/fonts/themify9f24.ttf]
[inventheme.com/themeforest/alexio/static/plugin/themify-icons/themify-icons.css]
[inventheme.com/themeforest/alexio/static/plugin/bootstrap/css/bootstrap.min.css]
[www.inventheme.com/themeforest/alexio/static/plugin/owl-carousel/css/owl.video.play.36.delayed]
[inventheme.com/themeforest/alexio/static/plugin/owl-carousel/css/owl.carousel.min.css]
[inventheme.com/themeforest/alexio/static/plugin/magnific/magnific-popup.css]
[inventheme.com/themeforest/alexio/static/plugin/nav/css/component.css]
[inventheme.com/themeforest/alexio/static/css/styles.css]
[inventheme.com/themeforest/alexio/static/css/color/default.css]
[inventheme.com/themeforest/alexio/static/plugin/font-awesome/webfonts/fa-brands-400.svg]
[inventheme.com/themeforest/alexio/static/plugin/font-awesome/webfonts/fa-regular-400.svg]
[inventheme.com/themeforest/alexio/static/plugin/font-awesome/webfonts/fa-solid-900.svg]
[inventheme.com/themeforest/alexio/static/plugin/themify-icons/fonts/themify9f24.svg]
[www.inventheme.com/themeforest/alexio/static/plugin/owl-carousel/css/owl.video.play.html]
